Analysis & Synthesis report for VGA_Controller
Thu Oct 04 02:38:59 2018
Quartus Prime Version 18.0.0 Build 614 04/24/2018 SJ Lite Edition


---------------------
; Table of Contents ;
---------------------
  1. Legal Notice
  2. Analysis & Synthesis Summary
  3. Analysis & Synthesis Settings
  4. Parallel Compilation
  5. Analysis & Synthesis Source Files Read
  6. Analysis & Synthesis Resource Usage Summary
  7. Analysis & Synthesis Resource Utilization by Entity
  8. Registers Removed During Synthesis
  9. General Register Statistics
 10. Post-Synthesis Netlist Statistics for Top Partition
 11. Elapsed Time Per Partition
 12. Analysis & Synthesis Messages
 13. Analysis & Synthesis Suppressed Messages



----------------
; Legal Notice ;
----------------
Copyright (C) 2018  Intel Corporation. All rights reserved.
Your use of Intel Corporation's design tools, logic functions 
and other software and tools, and its AMPP partner logic 
functions, and any output files from any of the foregoing 
(including device programming or simulation files), and any 
associated documentation or information are expressly subject 
to the terms and conditions of the Intel Program License 
Subscription Agreement, the Intel Quartus Prime License Agreement,
the Intel FPGA IP License Agreement, or other applicable license
agreement, including, without limitation, that your use is for
the sole purpose of programming logic devices manufactured by
Intel and sold by Intel or its authorized distributors.  Please
refer to the applicable agreement for further details.



+-------------------------------------------------------------------------------+
; Analysis & Synthesis Summary                                                  ;
+---------------------------------+---------------------------------------------+
; Analysis & Synthesis Status     ; Successful - Thu Oct 04 02:38:59 2018       ;
; Quartus Prime Version           ; 18.0.0 Build 614 04/24/2018 SJ Lite Edition ;
; Revision Name                   ; VGA_Controller                              ;
; Top-level Entity Name           ; MAIN_VGA_TEST                               ;
; Family                          ; Cyclone V                                   ;
; Logic utilization (in ALMs)     ; N/A                                         ;
; Total registers                 ; 33                                          ;
; Total pins                      ; 39                                          ;
; Total virtual pins              ; 0                                           ;
; Total block memory bits         ; 0                                           ;
; Total DSP Blocks                ; 0                                           ;
; Total HSSI RX PCSs              ; 0                                           ;
; Total HSSI PMA RX Deserializers ; 0                                           ;
; Total HSSI TX PCSs              ; 0                                           ;
; Total HSSI PMA TX Serializers   ; 0                                           ;
; Total PLLs                      ; 0                                           ;
; Total DLLs                      ; 0                                           ;
+---------------------------------+---------------------------------------------+


+---------------------------------------------------------------------------------------------------------------------------+
; Analysis & Synthesis Settings                                                                                             ;
+---------------------------------------------------------------------------------+--------------------+--------------------+
; Option                                                                          ; Setting            ; Default Value      ;
+---------------------------------------------------------------------------------+--------------------+--------------------+
; Device                                                                          ; 5CSEMA5F31C6       ;                    ;
; Top-level entity name                                                           ; MAIN_VGA_TEST      ; VGA_Controller     ;
; Family name                                                                     ; Cyclone V          ; Cyclone V          ;
; Use smart compilation                                                           ; Off                ; Off                ;
; Enable parallel Assembler and Timing Analyzer during compilation                ; On                 ; On                 ;
; Enable compact report table                                                     ; Off                ; Off                ;
; Restructure Multiplexers                                                        ; Auto               ; Auto               ;
; MLAB Add Timing Constraints For Mixed-Port Feed-Through Mode Setting Don't Care ; Off                ; Off                ;
; Create Debugging Nodes for IP Cores                                             ; Off                ; Off                ;
; Preserve fewer node names                                                       ; On                 ; On                 ;
; Intel FPGA IP Evaluation Mode                                                   ; Enable             ; Enable             ;
; Verilog Version                                                                 ; Verilog_2001       ; Verilog_2001       ;
; VHDL Version                                                                    ; VHDL_1993          ; VHDL_1993          ;
; State Machine Processing                                                        ; Auto               ; Auto               ;
; Safe State Machine                                                              ; Off                ; Off                ;
; Extract Verilog State Machines                                                  ; On                 ; On                 ;
; Extract VHDL State Machines                                                     ; On                 ; On                 ;
; Ignore Verilog initial constructs                                               ; Off                ; Off                ;
; Iteration limit for constant Verilog loops                                      ; 5000               ; 5000               ;
; Iteration limit for non-constant Verilog loops                                  ; 250                ; 250                ;
; Add Pass-Through Logic to Inferred RAMs                                         ; On                 ; On                 ;
; Infer RAMs from Raw Logic                                                       ; On                 ; On                 ;
; Parallel Synthesis                                                              ; On                 ; On                 ;
; DSP Block Balancing                                                             ; Auto               ; Auto               ;
; NOT Gate Push-Back                                                              ; On                 ; On                 ;
; Power-Up Don't Care                                                             ; On                 ; On                 ;
; Remove Redundant Logic Cells                                                    ; Off                ; Off                ;
; Remove Duplicate Registers                                                      ; On                 ; On                 ;
; Ignore CARRY Buffers                                                            ; Off                ; Off                ;
; Ignore CASCADE Buffers                                                          ; Off                ; Off                ;
; Ignore GLOBAL Buffers                                                           ; Off                ; Off                ;
; Ignore ROW GLOBAL Buffers                                                       ; Off                ; Off                ;
; Ignore LCELL Buffers                                                            ; Off                ; Off                ;
; Ignore SOFT Buffers                                                             ; On                 ; On                 ;
; Limit AHDL Integers to 32 Bits                                                  ; Off                ; Off                ;
; Optimization Technique                                                          ; Balanced           ; Balanced           ;
; Carry Chain Length                                                              ; 70                 ; 70                 ;
; Auto Carry Chains                                                               ; On                 ; On                 ;
; Auto Open-Drain Pins                                                            ; On                 ; On                 ;
; Perform WYSIWYG Primitive Resynthesis                                           ; Off                ; Off                ;
; Auto ROM Replacement                                                            ; On                 ; On                 ;
; Auto RAM Replacement                                                            ; On                 ; On                 ;
; Auto DSP Block Replacement                                                      ; On                 ; On                 ;
; Auto Shift Register Replacement                                                 ; Auto               ; Auto               ;
; Allow Shift Register Merging across Hierarchies                                 ; Auto               ; Auto               ;
; Auto Clock Enable Replacement                                                   ; On                 ; On                 ;
; Strict RAM Replacement                                                          ; Off                ; Off                ;
; Allow Synchronous Control Signals                                               ; On                 ; On                 ;
; Force Use of Synchronous Clear Signals                                          ; Off                ; Off                ;
; Auto Resource Sharing                                                           ; Off                ; Off                ;
; Allow Any RAM Size For Recognition                                              ; Off                ; Off                ;
; Allow Any ROM Size For Recognition                                              ; Off                ; Off                ;
; Allow Any Shift Register Size For Recognition                                   ; Off                ; Off                ;
; Use LogicLock Constraints during Resource Balancing                             ; On                 ; On                 ;
; Ignore translate_off and synthesis_off directives                               ; Off                ; Off                ;
; Timing-Driven Synthesis                                                         ; On                 ; On                 ;
; Report Parameter Settings                                                       ; On                 ; On                 ;
; Report Source Assignments                                                       ; On                 ; On                 ;
; Report Connectivity Checks                                                      ; On                 ; On                 ;
; Ignore Maximum Fan-Out Assignments                                              ; Off                ; Off                ;
; Synchronization Register Chain Length                                           ; 3                  ; 3                  ;
; Power Optimization During Synthesis                                             ; Normal compilation ; Normal compilation ;
; HDL message level                                                               ; Level2             ; Level2             ;
; Suppress Register Optimization Related Messages                                 ; Off                ; Off                ;
; Number of Removed Registers Reported in Synthesis Report                        ; 5000               ; 5000               ;
; Number of Swept Nodes Reported in Synthesis Report                              ; 5000               ; 5000               ;
; Number of Inverted Registers Reported in Synthesis Report                       ; 100                ; 100                ;
; Clock MUX Protection                                                            ; On                 ; On                 ;
; Auto Gated Clock Conversion                                                     ; Off                ; Off                ;
; Block Design Naming                                                             ; Auto               ; Auto               ;
; SDC constraint protection                                                       ; Off                ; Off                ;
; Synthesis Effort                                                                ; Auto               ; Auto               ;
; Shift Register Replacement - Allow Asynchronous Clear Signal                    ; On                 ; On                 ;
; Pre-Mapping Resynthesis Optimization                                            ; Off                ; Off                ;
; Analysis & Synthesis Message Level                                              ; Medium             ; Medium             ;
; Disable Register Merging Across Hierarchies                                     ; Auto               ; Auto               ;
; Resource Aware Inference For Block RAM                                          ; On                 ; On                 ;
; Automatic Parallel Synthesis                                                    ; On                 ; On                 ;
; Partial Reconfiguration Bitstream ID                                            ; Off                ; Off                ;
+---------------------------------------------------------------------------------+--------------------+--------------------+


+------------------------------------------+
; Parallel Compilation                     ;
+----------------------------+-------------+
; Processors                 ; Number      ;
+----------------------------+-------------+
; Number detected on machine ; 4           ;
; Maximum allowed            ; 2           ;
;                            ;             ;
; Average used               ; 1.00        ;
; Maximum used               ; 2           ;
;                            ;             ;
; Usage by Processor         ; % Time Used ;
;     Processor 1            ; 100.0%      ;
;     Processor 2            ;   0.0%      ;
+----------------------------+-------------+


+-------------------------------------------------------------------------------------------------------------------------------------------------------------------------------+
; Analysis & Synthesis Source Files Read                                                                                                                                        ;
+----------------------------------+-----------------+------------------------------+---------------------------------------------------------------------------------+---------+
; File Name with User-Entered Path ; Used in Netlist ; File Type                    ; File Name with Absolute Path                                                    ; Library ;
+----------------------------------+-----------------+------------------------------+---------------------------------------------------------------------------------+---------+
; VGA_Controller.sv                ; yes             ; User SystemVerilog HDL File  ; C:/Users/Chris/Documents/TEC/Taller/LAB_5/VGA_Controller_FPGA/VGA_Controller.sv ;         ;
; MAIN_VGA_TEST.sv                 ; yes             ; User SystemVerilog HDL File  ; C:/Users/Chris/Documents/TEC/Taller/LAB_5/VGA_Controller_FPGA/MAIN_VGA_TEST.sv  ;         ;
; seccionFSM.sv                    ; yes             ; User SystemVerilog HDL File  ; C:/Users/Chris/Documents/TEC/Taller/LAB_5/VGA_Controller_FPGA/seccionFSM.sv     ;         ;
; pintadorXY.sv                    ; yes             ; User SystemVerilog HDL File  ; C:/Users/Chris/Documents/TEC/Taller/LAB_5/VGA_Controller_FPGA/pintadorXY.sv     ;         ;
+----------------------------------+-----------------+------------------------------+---------------------------------------------------------------------------------+---------+


+-----------------------------------------------------------+
; Analysis & Synthesis Resource Usage Summary               ;
+---------------------------------------------+-------------+
; Resource                                    ; Usage       ;
+---------------------------------------------+-------------+
; Estimate of Logic utilization (ALMs needed) ; 31          ;
;                                             ;             ;
; Combinational ALUT usage for logic          ; 54          ;
;     -- 7 input functions                    ; 0           ;
;     -- 6 input functions                    ; 7           ;
;     -- 5 input functions                    ; 8           ;
;     -- 4 input functions                    ; 11          ;
;     -- <=3 input functions                  ; 28          ;
;                                             ;             ;
; Dedicated logic registers                   ; 33          ;
;                                             ;             ;
; I/O pins                                    ; 39          ;
;                                             ;             ;
; Total DSP Blocks                            ; 0           ;
;                                             ;             ;
; Maximum fan-out node                        ; reset~input ;
; Maximum fan-out                             ; 28          ;
; Total fan-out                               ; 385         ;
; Average fan-out                             ; 2.33        ;
+---------------------------------------------+-------------+


+---------------------------------------------------------------------------------------------------------------------------------------------------------------------------------------------------------------------+
; Analysis & Synthesis Resource Utilization by Entity                                                                                                                                                                 ;
+---------------------------------+---------------------+---------------------------+-------------------+------------+------+--------------+-------------------------------------------+---------------+--------------+
; Compilation Hierarchy Node      ; Combinational ALUTs ; Dedicated Logic Registers ; Block Memory Bits ; DSP Blocks ; Pins ; Virtual Pins ; Full Hierarchy Name                       ; Entity Name   ; Library Name ;
+---------------------------------+---------------------+---------------------------+-------------------+------------+------+--------------+-------------------------------------------+---------------+--------------+
; |MAIN_VGA_TEST                  ; 54 (3)              ; 33 (0)                    ; 0                 ; 0          ; 39   ; 0            ; |MAIN_VGA_TEST                            ; MAIN_VGA_TEST ; work         ;
;    |HV_sync:vga_sync_unit|      ; 31 (31)             ; 23 (23)                   ; 0                 ; 0          ; 0    ; 0            ; |MAIN_VGA_TEST|HV_sync:vga_sync_unit      ; HV_sync       ; work         ;
;    |pintadorXY:pintadorXY_unit| ; 18 (18)             ; 7 (7)                     ; 0                 ; 0          ; 0    ; 0            ; |MAIN_VGA_TEST|pintadorXY:pintadorXY_unit ; pintadorXY    ; work         ;
;    |seccionFSM:seccionFSM_unit| ; 2 (2)               ; 3 (3)                     ; 0                 ; 0          ; 0    ; 0            ; |MAIN_VGA_TEST|seccionFSM:seccionFSM_unit ; seccionFSM    ; work         ;
+---------------------------------+---------------------+---------------------------+-------------------+------------+------+--------------+-------------------------------------------+---------------+--------------+
Note: For table entries with two numbers listed, the numbers in parentheses indicate the number of resources of the given type used by the specific entity alone. The numbers listed outside of parentheses indicate the total resources of the given type used by the specific entity and all of its sub-entities in the hierarchy.


+--------------------------------------------------------------------------------------------+
; Registers Removed During Synthesis                                                         ;
+-----------------------------------------+--------------------------------------------------+
; Register name                           ; Reason for Removal                               ;
+-----------------------------------------+--------------------------------------------------+
; pintadorXY:pintadorXY_unit|b_0[0..7]    ; Stuck at GND due to stuck port data_in           ;
; pintadorXY:pintadorXY_unit|g_0[0..7]    ; Stuck at GND due to stuck port data_in           ;
; pintadorXY:pintadorXY_unit|r_0[0..7]    ; Stuck at GND due to stuck port data_in           ;
; pintadorXY:pintadorXY_unit|b_4[7]       ; Merged with pintadorXY:pintadorXY_unit|b_4[6]    ;
; pintadorXY:pintadorXY_unit|r_4[0,1]     ; Merged with pintadorXY:pintadorXY_unit|b_4[6]    ;
; pintadorXY:pintadorXY_unit|b_4[3]       ; Merged with pintadorXY:pintadorXY_unit|b_4[6]    ;
; pintadorXY:pintadorXY_unit|r_4[2..5]    ; Merged with pintadorXY:pintadorXY_unit|b_4[6]    ;
; pintadorXY:pintadorXY_unit|b_4[2,5]     ; Merged with pintadorXY:pintadorXY_unit|b_4[6]    ;
; pintadorXY:pintadorXY_unit|r_4[6,7]     ; Merged with pintadorXY:pintadorXY_unit|b_4[6]    ;
; pintadorXY:pintadorXY_unit|b_4[0,1,4]   ; Merged with pintadorXY:pintadorXY_unit|b_4[6]    ;
; pintadorXY:pintadorXY_unit|g_4[1..7]    ; Merged with pintadorXY:pintadorXY_unit|g_4[0]    ;
; pintadorXY:pintadorXY_unit|b_3[1..7]    ; Merged with pintadorXY:pintadorXY_unit|b_3[0]    ;
; pintadorXY:pintadorXY_unit|g_3[1..7]    ; Merged with pintadorXY:pintadorXY_unit|g_3[0]    ;
; pintadorXY:pintadorXY_unit|r_3[0..7]    ; Merged with pintadorXY:pintadorXY_unit|g_3[0]    ;
; pintadorXY:pintadorXY_unit|r_2[2,4,6]   ; Merged with pintadorXY:pintadorXY_unit|b_2[0]    ;
; pintadorXY:pintadorXY_unit|b_2[7]       ; Merged with pintadorXY:pintadorXY_unit|b_2[0]    ;
; pintadorXY:pintadorXY_unit|r_2[7]       ; Merged with pintadorXY:pintadorXY_unit|b_2[0]    ;
; pintadorXY:pintadorXY_unit|b_2[3]       ; Merged with pintadorXY:pintadorXY_unit|b_2[0]    ;
; pintadorXY:pintadorXY_unit|r_2[0,1,3]   ; Merged with pintadorXY:pintadorXY_unit|b_2[0]    ;
; pintadorXY:pintadorXY_unit|b_2[1,2,4]   ; Merged with pintadorXY:pintadorXY_unit|b_2[0]    ;
; pintadorXY:pintadorXY_unit|r_2[5]       ; Merged with pintadorXY:pintadorXY_unit|b_2[0]    ;
; pintadorXY:pintadorXY_unit|b_2[5,6]     ; Merged with pintadorXY:pintadorXY_unit|b_2[0]    ;
; pintadorXY:pintadorXY_unit|g_2[1..7]    ; Merged with pintadorXY:pintadorXY_unit|g_2[0]    ;
; pintadorXY:pintadorXY_unit|b_1[6]       ; Merged with pintadorXY:pintadorXY_unit|b_1[0]    ;
; pintadorXY:pintadorXY_unit|g_1[7]       ; Merged with pintadorXY:pintadorXY_unit|b_1[0]    ;
; pintadorXY:pintadorXY_unit|b_1[3,5]     ; Merged with pintadorXY:pintadorXY_unit|b_1[0]    ;
; pintadorXY:pintadorXY_unit|g_1[0,1,4,5] ; Merged with pintadorXY:pintadorXY_unit|b_1[0]    ;
; pintadorXY:pintadorXY_unit|b_1[2]       ; Merged with pintadorXY:pintadorXY_unit|b_1[0]    ;
; pintadorXY:pintadorXY_unit|g_1[2,3,6]   ; Merged with pintadorXY:pintadorXY_unit|b_1[0]    ;
; pintadorXY:pintadorXY_unit|b_1[1,4,7]   ; Merged with pintadorXY:pintadorXY_unit|b_1[0]    ;
; pintadorXY:pintadorXY_unit|r_1[1..7]    ; Merged with pintadorXY:pintadorXY_unit|r_1[0]    ;
; pintadorXY:pintadorXY_unit|r_elec[1..7] ; Merged with pintadorXY:pintadorXY_unit|r_elec[0] ;
; pintadorXY:pintadorXY_unit|g_elec[1..7] ; Merged with pintadorXY:pintadorXY_unit|g_elec[0] ;
; pintadorXY:pintadorXY_unit|b_elec[1..7] ; Merged with pintadorXY:pintadorXY_unit|b_elec[0] ;
; pintadorXY:pintadorXY_unit|g_4[0]       ; Stuck at GND due to stuck port data_in           ;
; pintadorXY:pintadorXY_unit|g_3[0]       ; Stuck at GND due to stuck port data_in           ;
; pintadorXY:pintadorXY_unit|b_2[0]       ; Stuck at GND due to stuck port data_in           ;
; pintadorXY:pintadorXY_unit|b_1[0]       ; Stuck at GND due to stuck port data_in           ;
; Total Number of Removed Registers = 137 ;                                                  ;
+-----------------------------------------+--------------------------------------------------+


+------------------------------------------------------+
; General Register Statistics                          ;
+----------------------------------------------+-------+
; Statistic                                    ; Value ;
+----------------------------------------------+-------+
; Total registers                              ; 33    ;
; Number of registers using Synchronous Clear  ; 25    ;
; Number of registers using Synchronous Load   ; 0     ;
; Number of registers using Asynchronous Clear ; 22    ;
; Number of registers using Asynchronous Load  ; 0     ;
; Number of registers using Clock Enable       ; 20    ;
; Number of registers using Preset             ; 0     ;
+----------------------------------------------+-------+


+-----------------------------------------------------+
; Post-Synthesis Netlist Statistics for Top Partition ;
+-----------------------+-----------------------------+
; Type                  ; Count                       ;
+-----------------------+-----------------------------+
; arriav_ff             ; 33                          ;
;     CLR               ; 2                           ;
;     ENA CLR SCLR      ; 20                          ;
;     SCLR              ; 5                           ;
;     plain             ; 6                           ;
; arriav_lcell_comb     ; 57                          ;
;     arith             ; 20                          ;
;         1 data inputs ; 20                          ;
;     normal            ; 37                          ;
;         0 data inputs ; 2                           ;
;         1 data inputs ; 2                           ;
;         2 data inputs ; 3                           ;
;         3 data inputs ; 4                           ;
;         4 data inputs ; 11                          ;
;         5 data inputs ; 8                           ;
;         6 data inputs ; 7                           ;
; boundary_port         ; 39                          ;
;                       ;                             ;
; Max LUT depth         ; 3.00                        ;
; Average LUT depth     ; 1.86                        ;
+-----------------------+-----------------------------+


+-------------------------------+
; Elapsed Time Per Partition    ;
+----------------+--------------+
; Partition Name ; Elapsed Time ;
+----------------+--------------+
; Top            ; 00:00:00     ;
+----------------+--------------+


+-------------------------------+
; Analysis & Synthesis Messages ;
+-------------------------------+
Info: *******************************************************************
Info: Running Quartus Prime Analysis & Synthesis
    Info: Version 18.0.0 Build 614 04/24/2018 SJ Lite Edition
    Info: Processing started: Thu Oct 04 02:38:36 2018
Info: Command: quartus_map --read_settings_files=on --write_settings_files=off VGA_Controller -c VGA_Controller
Warning (18236): Number of processors has not been specified which may cause overloading on shared machines.  Set the global assignment NUM_PARALLEL_PROCESSORS in your QSF to an appropriate value for best performance.
Info (20030): Parallel compilation is enabled and will use 2 of the 2 processors detected
Info (12021): Found 1 design units, including 1 entities, in source file vga_controller.sv
    Info (12023): Found entity 1: HV_sync File: C:/Users/Chris/Documents/TEC/Taller/LAB_5/VGA_Controller_FPGA/VGA_Controller.sv Line: 2
Info (12021): Found 1 design units, including 1 entities, in source file main_vga_test.sv
    Info (12023): Found entity 1: MAIN_VGA_TEST File: C:/Users/Chris/Documents/TEC/Taller/LAB_5/VGA_Controller_FPGA/MAIN_VGA_TEST.sv Line: 1
Info (12021): Found 1 design units, including 1 entities, in source file contador_cuadrante.sv
    Info (12023): Found entity 1: contador_cuadrante File: C:/Users/Chris/Documents/TEC/Taller/LAB_5/VGA_Controller_FPGA/contador_cuadrante.sv Line: 1
Info (12021): Found 1 design units, including 1 entities, in source file random_color.sv
    Info (12023): Found entity 1: random_color File: C:/Users/Chris/Documents/TEC/Taller/LAB_5/VGA_Controller_FPGA/random_color.sv Line: 1
Info (12021): Found 1 design units, including 1 entities, in source file tb_random_color.sv
    Info (12023): Found entity 1: tb_random_color File: C:/Users/Chris/Documents/TEC/Taller/LAB_5/VGA_Controller_FPGA/tb_random_color.sv Line: 1
Info (12021): Found 1 design units, including 1 entities, in source file seccionfsm.sv
    Info (12023): Found entity 1: seccionFSM File: C:/Users/Chris/Documents/TEC/Taller/LAB_5/VGA_Controller_FPGA/seccionFSM.sv Line: 1
Info (12021): Found 1 design units, including 1 entities, in source file pintadorxy.sv
    Info (12023): Found entity 1: pintadorXY File: C:/Users/Chris/Documents/TEC/Taller/LAB_5/VGA_Controller_FPGA/pintadorXY.sv Line: 1
Info (12021): Found 1 design units, including 1 entities, in source file tb_seccionfsm.sv
    Info (12023): Found entity 1: tb_seccionFSM File: C:/Users/Chris/Documents/TEC/Taller/LAB_5/VGA_Controller_FPGA/tb_seccionFSM.sv Line: 1
Info (12021): Found 1 design units, including 1 entities, in source file ff_t.sv
    Info (12023): Found entity 1: ff_t File: C:/Users/Chris/Documents/TEC/Taller/LAB_5/VGA_Controller_FPGA/ff_t.sv Line: 1
Info (12127): Elaborating entity "MAIN_VGA_TEST" for the top level hierarchy
Info (12128): Elaborating entity "HV_sync" for hierarchy "HV_sync:vga_sync_unit" File: C:/Users/Chris/Documents/TEC/Taller/LAB_5/VGA_Controller_FPGA/MAIN_VGA_TEST.sv Line: 13
Warning (10230): Verilog HDL assignment warning at VGA_Controller.sv(62): truncated value with size 32 to match size of target (10) File: C:/Users/Chris/Documents/TEC/Taller/LAB_5/VGA_Controller_FPGA/VGA_Controller.sv Line: 62
Warning (10230): Verilog HDL assignment warning at VGA_Controller.sv(66): truncated value with size 32 to match size of target (10) File: C:/Users/Chris/Documents/TEC/Taller/LAB_5/VGA_Controller_FPGA/VGA_Controller.sv Line: 66
Info (12128): Elaborating entity "seccionFSM" for hierarchy "seccionFSM:seccionFSM_unit" File: C:/Users/Chris/Documents/TEC/Taller/LAB_5/VGA_Controller_FPGA/MAIN_VGA_TEST.sv Line: 15
Info (12128): Elaborating entity "pintadorXY" for hierarchy "pintadorXY:pintadorXY_unit" File: C:/Users/Chris/Documents/TEC/Taller/LAB_5/VGA_Controller_FPGA/MAIN_VGA_TEST.sv Line: 17
Warning (13024): Output pins are stuck at VCC or GND
    Warning (13410): Pin "n_sync" is stuck at GND File: C:/Users/Chris/Documents/TEC/Taller/LAB_5/VGA_Controller_FPGA/MAIN_VGA_TEST.sv Line: 3
    Warning (13410): Pin "n_blanc" is stuck at VCC File: C:/Users/Chris/Documents/TEC/Taller/LAB_5/VGA_Controller_FPGA/MAIN_VGA_TEST.sv Line: 3
Info (286030): Timing-Driven Synthesis is running
Info (144001): Generated suppressed messages file C:/Users/Chris/Documents/TEC/Taller/LAB_5/VGA_Controller_FPGA/output_files/VGA_Controller.map.smsg
Info (16010): Generating hard_block partition "hard_block:auto_generated_inst"
    Info (16011): Adding 0 node(s), including 0 DDIO, 0 PLL, 0 transceiver and 0 LCELL
Warning (21074): Design contains 4 input pin(s) that do not drive logic
    Warning (15610): No output dependent on input pin "reset_color" File: C:/Users/Chris/Documents/TEC/Taller/LAB_5/VGA_Controller_FPGA/MAIN_VGA_TEST.sv Line: 1
    Warning (15610): No output dependent on input pin "sw[0]" File: C:/Users/Chris/Documents/TEC/Taller/LAB_5/VGA_Controller_FPGA/MAIN_VGA_TEST.sv Line: 2
    Warning (15610): No output dependent on input pin "sw[1]" File: C:/Users/Chris/Documents/TEC/Taller/LAB_5/VGA_Controller_FPGA/MAIN_VGA_TEST.sv Line: 2
    Warning (15610): No output dependent on input pin "sw[2]" File: C:/Users/Chris/Documents/TEC/Taller/LAB_5/VGA_Controller_FPGA/MAIN_VGA_TEST.sv Line: 2
Info (21057): Implemented 93 device resources after synthesis - the final resource count might be different
    Info (21058): Implemented 7 input pins
    Info (21059): Implemented 32 output pins
    Info (21061): Implemented 54 logic cells
Info: Quartus Prime Analysis & Synthesis was successful. 0 errors, 11 warnings
    Info: Peak virtual memory: 4831 megabytes
    Info: Processing ended: Thu Oct 04 02:38:59 2018
    Info: Elapsed time: 00:00:23
    Info: Total CPU time (on all processors): 00:00:45


+------------------------------------------+
; Analysis & Synthesis Suppressed Messages ;
+------------------------------------------+
The suppressed messages can be found in C:/Users/Chris/Documents/TEC/Taller/LAB_5/VGA_Controller_FPGA/output_files/VGA_Controller.map.smsg.


