------------------------------------------------------------
Timing Analyzer Summary
------------------------------------------------------------

Type  : Slow 1100mV 85C Model Setup 'HV_sync:vga_sync_unit|pixel_temp'
Slack : -5.383
TNS   : -15.962

Type  : Slow 1100mV 85C Model Setup 'clk'
Slack : -3.570
TNS   : -68.074

Type  : Slow 1100mV 85C Model Setup 'cuadrante'
Slack : -0.922
TNS   : -4.106

Type  : Slow 1100mV 85C Model Hold 'cuadrante'
Slack : 0.278
TNS   : 0.000

Type  : Slow 1100mV 85C Model Hold 'clk'
Slack : 0.389
TNS   : 0.000

Type  : Slow 1100mV 85C Model Hold 'HV_sync:vga_sync_unit|pixel_temp'
Slack : 2.109
TNS   : 0.000

Type  : Slow 1100mV 85C Model Minimum Pulse Width 'clk'
Slack : -0.460
TNS   : -12.416

Type  : Slow 1100mV 85C Model Minimum Pulse Width 'cuadrante'
Slack : -0.394
TNS   : -3.757

Type  : Slow 1100mV 85C Model Minimum Pulse Width 'HV_sync:vga_sync_unit|pixel_temp'
Slack : -0.394
TNS   : -1.778

Type  : Slow 1100mV 0C Model Setup 'HV_sync:vga_sync_unit|pixel_temp'
Slack : -5.521
TNS   : -16.304

Type  : Slow 1100mV 0C Model Setup 'clk'
Slack : -3.348
TNS   : -61.580

Type  : Slow 1100mV 0C Model Setup 'cuadrante'
Slack : -1.030
TNS   : -4.550

Type  : Slow 1100mV 0C Model Hold 'cuadrante'
Slack : 0.336
TNS   : 0.000

Type  : Slow 1100mV 0C Model Hold 'clk'
Slack : 0.342
TNS   : 0.000

Type  : Slow 1100mV 0C Model Hold 'HV_sync:vga_sync_unit|pixel_temp'
Slack : 2.122
TNS   : 0.000

Type  : Slow 1100mV 0C Model Minimum Pulse Width 'clk'
Slack : -0.437
TNS   : -13.183

Type  : Slow 1100mV 0C Model Minimum Pulse Width 'cuadrante'
Slack : -0.394
TNS   : -4.187

Type  : Slow 1100mV 0C Model Minimum Pulse Width 'HV_sync:vga_sync_unit|pixel_temp'
Slack : -0.394
TNS   : -1.609

Type  : Fast 1100mV 85C Model Setup 'HV_sync:vga_sync_unit|pixel_temp'
Slack : -2.880
TNS   : -8.523

Type  : Fast 1100mV 85C Model Setup 'clk'
Slack : -2.623
TNS   : -46.715

Type  : Fast 1100mV 85C Model Setup 'cuadrante'
Slack : -0.050
TNS   : -0.122

Type  : Fast 1100mV 85C Model Hold 'cuadrante'
Slack : 0.159
TNS   : 0.000

Type  : Fast 1100mV 85C Model Hold 'clk'
Slack : 0.219
TNS   : 0.000

Type  : Fast 1100mV 85C Model Hold 'HV_sync:vga_sync_unit|pixel_temp'
Slack : 1.307
TNS   : 0.000

Type  : Fast 1100mV 85C Model Minimum Pulse Width 'clk'
Slack : -0.435
TNS   : -2.497

Type  : Fast 1100mV 85C Model Minimum Pulse Width 'cuadrante'
Slack : -0.088
TNS   : -0.505

Type  : Fast 1100mV 85C Model Minimum Pulse Width 'HV_sync:vga_sync_unit|pixel_temp'
Slack : 0.148
TNS   : 0.000

Type  : Fast 1100mV 0C Model Setup 'HV_sync:vga_sync_unit|pixel_temp'
Slack : -2.786
TNS   : -8.257

Type  : Fast 1100mV 0C Model Setup 'clk'
Slack : -2.180
TNS   : -35.966

Type  : Fast 1100mV 0C Model Setup 'cuadrante'
Slack : 0.003
TNS   : 0.000

Type  : Fast 1100mV 0C Model Hold 'clk'
Slack : 0.105
TNS   : 0.000

Type  : Fast 1100mV 0C Model Hold 'cuadrante'
Slack : 0.167
TNS   : 0.000

Type  : Fast 1100mV 0C Model Hold 'HV_sync:vga_sync_unit|pixel_temp'
Slack : 1.331
TNS   : 0.000

Type  : Fast 1100mV 0C Model Minimum Pulse Width 'clk'
Slack : -0.411
TNS   : -2.438

Type  : Fast 1100mV 0C Model Minimum Pulse Width 'cuadrante'
Slack : -0.089
TNS   : -0.589

Type  : Fast 1100mV 0C Model Minimum Pulse Width 'HV_sync:vga_sync_unit|pixel_temp'
Slack : 0.162
TNS   : 0.000

------------------------------------------------------------
